// Jest Snapshot v1, https://goo.gl/fbAQLP

exports[`TransactionItem should update transaction name after editing input 1`] = `
Object {
  "asFragment": [Function],
  "baseElement": <body>
    <div>
      <table>
        <tbody>
          <tr>
            <td
              data-testid="date"
            >
              01 Apr 2020
            </td>
            <td
              data-testid="name"
            >
              <div
                class="_1EEDX _3sXmF sc-bdvvtL iErRBy"
              >
                Purchase A
              </div>
            </td>
            <td
              data-testid="amount"
            >
              10
            </td>
            <td
              data-testid="balance"
            >
              110
            </td>
            <td />
          </tr>
          <tr>
            <td
              data-testid="date"
            >
              02 Apr 2020
            </td>
            <td
              data-testid="name"
            >
              <div
                class="_1EEDX _3sXmF sc-bdvvtL iErRBy"
              >
                Purchase B
              </div>
            </td>
            <td
              data-testid="amount"
            >
              -13.23
            </td>
            <td
              data-testid="balance"
            >
              96.77
            </td>
            <td />
          </tr>
          <tr>
            <td
              data-testid="date"
            >
              03 Apr 2020
            </td>
            <td
              data-testid="name"
            >
              <div
                class="_1EEDX _3sXmF sc-bdvvtL iErRBy"
              >
                Purchase C
              </div>
            </td>
            <td
              data-testid="amount"
            >
              -200
            </td>
            <td
              data-testid="balance"
            >
              -103.23
            </td>
            <td />
          </tr>
        </tbody>
      </table>
    </div>
  </body>,
  "container": <div>
    <table>
      <tbody>
        <tr>
          <td
            data-testid="date"
          >
            01 Apr 2020
          </td>
          <td
            data-testid="name"
          >
            <div
              class="_1EEDX _3sXmF sc-bdvvtL iErRBy"
            >
              Purchase A
            </div>
          </td>
          <td
            data-testid="amount"
          >
            10
          </td>
          <td
            data-testid="balance"
          >
            110
          </td>
          <td />
        </tr>
        <tr>
          <td
            data-testid="date"
          >
            02 Apr 2020
          </td>
          <td
            data-testid="name"
          >
            <div
              class="_1EEDX _3sXmF sc-bdvvtL iErRBy"
            >
              Purchase B
            </div>
          </td>
          <td
            data-testid="amount"
          >
            -13.23
          </td>
          <td
            data-testid="balance"
          >
            96.77
          </td>
          <td />
        </tr>
        <tr>
          <td
            data-testid="date"
          >
            03 Apr 2020
          </td>
          <td
            data-testid="name"
          >
            <div
              class="_1EEDX _3sXmF sc-bdvvtL iErRBy"
            >
              Purchase C
            </div>
          </td>
          <td
            data-testid="amount"
          >
            -200
          </td>
          <td
            data-testid="balance"
          >
            -103.23
          </td>
          <td />
        </tr>
      </tbody>
    </table>
  </div>,
  "debug": [Function],
  "findAllByAltText": [Function],
  "findAllByDisplayValue": [Function],
  "findAllByLabelText": [Function],
  "findAllByPlaceholderText": [Function],
  "findAllByRole": [Function],
  "findAllByTestId": [Function],
  "findAllByText": [Function],
  "findAllByTitle": [Function],
  "findByAltText": [Function],
  "findByDisplayValue": [Function],
  "findByLabelText": [Function],
  "findByPlaceholderText": [Function],
  "findByRole": [Function],
  "findByTestId": [Function],
  "findByText": [Function],
  "findByTitle": [Function],
  "getAllByAltText": [Function],
  "getAllByDisplayValue": [Function],
  "getAllByLabelText": [Function],
  "getAllByPlaceholderText": [Function],
  "getAllByRole": [Function],
  "getAllByTestId": [Function],
  "getAllByText": [Function],
  "getAllByTitle": [Function],
  "getByAltText": [Function],
  "getByDisplayValue": [Function],
  "getByLabelText": [Function],
  "getByPlaceholderText": [Function],
  "getByRole": [Function],
  "getByTestId": [Function],
  "getByText": [Function],
  "getByTitle": [Function],
  "queryAllByAltText": [Function],
  "queryAllByDisplayValue": [Function],
  "queryAllByLabelText": [Function],
  "queryAllByPlaceholderText": [Function],
  "queryAllByRole": [Function],
  "queryAllByTestId": [Function],
  "queryAllByText": [Function],
  "queryAllByTitle": [Function],
  "queryByAltText": [Function],
  "queryByDisplayValue": [Function],
  "queryByLabelText": [Function],
  "queryByPlaceholderText": [Function],
  "queryByRole": [Function],
  "queryByTestId": [Function],
  "queryByText": [Function],
  "queryByTitle": [Function],
  "rerender": [Function],
  "unmount": [Function],
}
`;
